// Vitest Snapshot v1, https://vitest.dev/guide/snapshot.html

exports[`@example tests > BIN2DEC(1101) 1`] = `
"
┌───┬────┐
│   │ A  │
├───┼────┤
│ 1 │ 13 │
└───┴────┘
"
`;

exports[`@example tests > BIN2HEX(1101) 1`] = `
"
┌───┬─────┐
│   │ A   │
├───┼─────┤
│ 1 │ "d" │
└───┴─────┘
"
`;

exports[`@example tests > BIN2OCT(111111111) 1`] = `
"
┌───┬───────┐
│   │ A     │
├───┼───────┤
│ 1 │ "777" │
└───┴───────┘
"
`;

exports[`@example tests > DEC2BIN(13) 1`] = `
"
┌───┬──────┐
│   │ A    │
├───┼──────┤
│ 1 │ 1101 │
└───┴──────┘
"
`;

exports[`@example tests > HEX2BIN > HEX2BIN("1234") 1`] = `
"
┌───┬─────────────────┐
│   │ A               │
├───┼─────────────────┤
│ 1 │ "1001000110100" │
└───┴─────────────────┘
"
`;

exports[`@example tests > HEX2BIN > HEX2BIN("FF") 1`] = `
"
┌───┬────────────┐
│   │ A          │
├───┼────────────┤
│ 1 │ "11111111" │
└───┴────────────┘
"
`;

exports[`@example tests > OCT2BIN(777) 1`] = `
"
┌───┬─────────────┐
│   │ A           │
├───┼─────────────┤
│ 1 │ "111111111" │
└───┴─────────────┘
"
`;
