// Vitest Snapshot v1, https://vitest.dev/guide/snapshot.html

exports[`Example tests > DIGITS() 1`] = `
"
┌───┬───┬───┬───┬───┬───┬───┬───┬───┬───┬───┐
│   │ A │ B │ C │ D │ E │ F │ G │ H │ I │ J │
├───┼───┼───┼───┼───┼───┼───┼───┼───┼───┼───┤
│ 1 │ 0 │ 1 │ 2 │ 3 │ 4 │ 5 │ 6 │ 7 │ 8 │ 9 │
└───┴───┴───┴───┴───┴───┴───┴───┴───┴───┴───┘
"
`;

exports[`Example tests > MATRIX(4, 5, 3) 1`] = `
"
┌───┬───┬───┬───┬───┬───┐
│   │ A │ B │ C │ D │ E │
├───┼───┼───┼───┼───┼───┤
│ 1 │ 3 │ 3 │ 3 │ 3 │ 3 │
├───┼───┼───┼───┼───┼───┤
│ 2 │ 3 │ 3 │ 3 │ 3 │ 3 │
├───┼───┼───┼───┼───┼───┤
│ 3 │ 3 │ 3 │ 3 │ 3 │ 3 │
├───┼───┼───┼───┼───┼───┤
│ 4 │ 3 │ 3 │ 3 │ 3 │ 3 │
└───┴───┴───┴───┴───┴───┘
"
`;

exports[`Example tests > RANGE(3, 7) 1`] = `
"
┌───┬───┬───┬───┬───┐
│   │ A │ B │ C │ D │
├───┼───┼───┼───┼───┤
│ 1 │ 3 │ 4 │ 5 │ 6 │
└───┴───┴───┴───┴───┘
"
`;

exports[`Example tests > RANGE(10) 1`] = `
"
┌───┬───┬───┬───┬───┬───┬───┬───┬───┬───┬───┐
│   │ A │ B │ C │ D │ E │ F │ G │ H │ I │ J │
├───┼───┼───┼───┼───┼───┼───┼───┼───┼───┼───┤
│ 1 │ 0 │ 1 │ 2 │ 3 │ 4 │ 5 │ 6 │ 7 │ 8 │ 9 │
└───┴───┴───┴───┴───┴───┴───┴───┴───┴───┴───┘
"
`;

exports[`Example tests > TRANSPOSE(DIGITS()) 1`] = `
"
┌────┬───┐
│    │ A │
├────┼───┤
│ 1  │ 0 │
├────┼───┤
│ 2  │ 1 │
├────┼───┤
│ 3  │ 2 │
├────┼───┤
│ 4  │ 3 │
├────┼───┤
│ 5  │ 4 │
├────┼───┤
│ 6  │ 5 │
├────┼───┤
│ 7  │ 6 │
├────┼───┤
│ 8  │ 7 │
├────┼───┤
│ 9  │ 8 │
├────┼───┤
│ 10 │ 9 │
└────┴───┘
"
`;
